[2026-06-08 00:40:39] Loaded credentials from '../rl_starter_11/homework_account.json' (Account: 41241213S)
[2026-06-08 00:40:39] Fetching slots for competition 11...
[2026-06-08 00:40:39] Available slots:
[2026-06-08 00:40:39]   - Slot 2: D6 Engine (ID: 8) | ELO: 1554.9 | Games: 881
[2026-06-08 00:40:39]   - Slot 1: D4_6 (ID: 7) | ELO: 1554.9 | Games: 881
[2026-06-08 00:40:39]   - Slot 0: D4 Pro (ID: 36) | ELO: 1554.9 | Games: 881
[2026-06-08 00:40:39] Resolved target slot: D6 Engine (ID: 8)
[2026-06-08 00:40:39] Initial Elo: 1554.92 | Total Matches Played: 881
[2026-06-08 00:40:39] Initializing history and tracking lost opponents since June 8...
[2026-06-08 00:40:39] No state file found. Scanning API history...
[2026-06-08 00:40:39] Saved persistent state to matchmaker_state.json
[2026-06-08 00:40:39] Latest battle #2211 is already completed/failed. Last processed ID: 2211
[2026-06-08 00:40:39] Determining initial mode from latest battle since June 8...
[2026-06-08 00:40:39] Mode loaded from state file: queue
[2026-06-08 00:40:39] Matchmaker loop started. Press Ctrl+C to cancel and leave queue.
[2026-06-08 00:40:39] Not in queue. Re-queueing...
[2026-06-08 00:40:39] Joining matchmaking queue for slot D6 Engine (ID: 8)...
[2026-06-08 00:40:39] Successfully joined queue!
[2026-06-08 00:40:44] In queue... Status: waiting | Elapsed: 5s
[2026-06-08 00:40:49] In queue... Status: waiting | Elapsed: 10s
[2026-06-08 00:40:54] In queue... Status: waiting | Elapsed: 15s
[2026-06-08 00:41:00] Battle #2218 is currently in progress. Status: pending. Waiting...
[2026-06-08 00:41:05] Battle #2218 is currently in progress. Status: running. Waiting...
[2026-06-08 00:41:10] Battle #2218 is currently in progress. Status: running. Waiting...
[2026-06-08 00:41:15] Battle #2218 is currently in progress. Status: running. Waiting...
[2026-06-08 00:41:20] Battle #2218 is currently in progress. Status: running. Waiting...
[2026-06-08 00:41:25] Battle #2218 is currently in progress. Status: running. Waiting...
[2026-06-08 00:41:30] Battle #2218 is currently in progress. Status: running. Waiting...
[2026-06-08 00:41:36] Battle #2218 is currently in progress. Status: running. Waiting...
[2026-06-08 00:41:41] Battle #2218 is currently in progress. Status: running. Waiting...
[2026-06-08 00:41:46] Battle #2218 is currently in progress. Status: running. Waiting...
[2026-06-08 00:41:51] Battle #2218 is currently in progress. Status: running. Waiting...
[2026-06-08 00:41:56] Battle #2218 is currently in progress. Status: running. Waiting...
[2026-06-08 00:42:01] Battle #2218 is currently in progress. Status: running. Waiting...
[2026-06-08 00:42:06] Battle #2218 is currently in progress. Status: running. Waiting...
[2026-06-08 00:42:12] Battle #2218 is currently in progress. Status: running. Waiting...
[2026-06-08 00:42:15] KeyboardInterrupt detected. Graceful shutdown initiated.
[2026-06-08 00:42:15] Waiting for current Battle #2218 to finish before stopping. Press Ctrl+C again to force quit.
[2026-06-08 00:42:15] Graceful shutdown requested. Waiting for active Battle #2218 to finish...
[2026-06-08 00:42:15] Battle #2218 is currently in progress. Status: running. Waiting...
[2026-06-08 00:42:21] Graceful shutdown requested. Waiting for active Battle #2218 to finish...
[2026-06-08 00:42:21] Battle #2218 is currently in progress. Status: running. Waiting...
[2026-06-08 00:42:26] Graceful shutdown requested. Waiting for active Battle #2218 to finish...
[2026-06-08 00:42:27] Battle #2218 is currently in progress. Status: running. Waiting...
[2026-06-08 00:42:32] Graceful shutdown requested. Waiting for active Battle #2218 to finish...
[2026-06-08 00:42:32] Battle #2218 is currently in progress. Status: running. Waiting...
[2026-06-08 00:42:37] Graceful shutdown requested. Waiting for active Battle #2218 to finish...
[2026-06-08 00:42:37] Battle #2218 is currently in progress. Status: running. Waiting...
[2026-06-08 00:42:42] Graceful shutdown requested. Waiting for active Battle #2218 to finish...
[2026-06-08 00:42:42] Battle #2218 is currently in progress. Status: running. Waiting...
[2026-06-08 00:42:47] Graceful shutdown requested. Waiting for active Battle #2218 to finish...
[2026-06-08 00:42:47] Battle #2218 is currently in progress. Status: running. Waiting...
[2026-06-08 00:42:52] Graceful shutdown requested. Waiting for active Battle #2218 to finish...
[2026-06-08 00:42:52] Battle #2218 is currently in progress. Status: running. Waiting...
[2026-06-08 00:42:57] Graceful shutdown requested. Waiting for active Battle #2218 to finish...
[2026-06-08 00:42:58] Battle #2218 is currently in progress. Status: running. Waiting...
[2026-06-08 00:43:03] Graceful shutdown requested. Waiting for active Battle #2218 to finish...
[2026-06-08 00:43:03] Battle #2218 is currently in progress. Status: running. Waiting...
[2026-06-08 00:43:08] Graceful shutdown requested. Waiting for active Battle #2218 to finish...
[2026-06-08 00:43:08] Battle #2218 is currently in progress. Status: running. Waiting...
[2026-06-08 00:43:13] Graceful shutdown requested. Waiting for active Battle #2218 to finish...
[2026-06-08 00:43:13] Battle #2218 is currently in progress. Status: running. Waiting...
[2026-06-08 00:43:18] Graceful shutdown requested. Waiting for active Battle #2218 to finish...
[2026-06-08 00:43:18] Battle #2218 is currently in progress. Status: running. Waiting...
[2026-06-08 00:43:23] Graceful shutdown requested. Waiting for active Battle #2218 to finish...
[2026-06-08 00:43:23] Battle #2218 is currently in progress. Status: running. Waiting...
[2026-06-08 00:43:32] Graceful shutdown requested. Waiting for active Battle #2218 to finish...
[2026-06-08 00:43:32] Battle #2218 is currently in progress. Status: running. Waiting...
[2026-06-08 00:43:37] Graceful shutdown requested. Waiting for active Battle #2218 to finish...
[2026-06-08 00:43:37] Battle #2218 is currently in progress. Status: running. Waiting...
[2026-06-08 00:43:42] Graceful shutdown requested. Waiting for active Battle #2218 to finish...
[2026-06-08 00:43:42] Battle #2218 is currently in progress. Status: running. Waiting...
[2026-06-08 00:43:47] Graceful shutdown requested. Waiting for active Battle #2218 to finish...
[2026-06-08 00:43:47] Battle #2218 is currently in progress. Status: running. Waiting...
[2026-06-08 00:43:52] Graceful shutdown requested. Waiting for active Battle #2218 to finish...
[2026-06-08 00:43:52] Battle #2218 is currently in progress. Status: running. Waiting...
[2026-06-08 00:43:57] Graceful shutdown requested. Waiting for active Battle #2218 to finish...
[2026-06-08 00:43:58] Battle #2218 is currently in progress. Status: running. Waiting...
[2026-06-08 00:44:03] Graceful shutdown requested. Waiting for active Battle #2218 to finish...
[2026-06-08 00:44:03] Battle #2218 is currently in progress. Status: running. Waiting...
[2026-06-08 00:44:08] Graceful shutdown requested. Waiting for active Battle #2218 to finish...
[2026-06-08 00:44:08] Battle #2218 is currently in progress. Status: running. Waiting...
[2026-06-08 00:44:13] Graceful shutdown requested. Waiting for active Battle #2218 to finish...
[2026-06-08 00:44:13] Battle #2218 is currently in progress. Status: running. Waiting...
[2026-06-08 00:44:18] Graceful shutdown requested. Waiting for active Battle #2218 to finish...
[2026-06-08 00:44:18] Battle #2218 is currently in progress. Status: running. Waiting...
[2026-06-08 00:44:23] Graceful shutdown requested. Waiting for active Battle #2218 to finish...
[2026-06-08 00:44:24] Battle #2218 is currently in progress. Status: running. Waiting...
[2026-06-08 00:44:29] Graceful shutdown requested. Waiting for active Battle #2218 to finish...
[2026-06-08 00:44:29] Battle #2218 is currently in progress. Status: running. Waiting...
[2026-06-08 00:44:34] Graceful shutdown requested. Waiting for active Battle #2218 to finish...
[2026-06-08 00:44:34] Battle #2218 is currently in progress. Status: running. Waiting...
[2026-06-08 00:44:39] Graceful shutdown requested. Waiting for active Battle #2218 to finish...
[2026-06-08 00:44:39] Battle #2218 is currently in progress. Status: running. Waiting...
[2026-06-08 00:44:44] Graceful shutdown requested. Waiting for active Battle #2218 to finish...
[2026-06-08 00:44:45] Battle #2218 is currently in progress. Status: running. Waiting...
[2026-06-08 00:44:50] Graceful shutdown requested. Waiting for active Battle #2218 to finish...
[2026-06-08 00:44:50] Battle #2218 is currently in progress. Status: running. Waiting...
[2026-06-08 00:44:55] Graceful shutdown requested. Waiting for active Battle #2218 to finish...
[2026-06-08 00:44:56] Battle #2218 is currently in progress. Status: running. Waiting...
[2026-06-08 00:45:01] Graceful shutdown requested. Waiting for active Battle #2218 to finish...
[2026-06-08 00:45:01] Battle #2218 is currently in progress. Status: running. Waiting...
[2026-06-08 00:45:06] Graceful shutdown requested. Waiting for active Battle #2218 to finish...
[2026-06-08 00:45:06] Battle #2218 is currently in progress. Status: running. Waiting...
[2026-06-08 00:45:11] Graceful shutdown requested. Waiting for active Battle #2218 to finish...
[2026-06-08 00:45:11] Battle #2218 is currently in progress. Status: running. Waiting...
[2026-06-08 00:45:16] Graceful shutdown requested. Waiting for active Battle #2218 to finish...
[2026-06-08 00:45:16] Battle #2218 is currently in progress. Status: running. Waiting...
[2026-06-08 00:45:21] Graceful shutdown requested. Waiting for active Battle #2218 to finish...
[2026-06-08 00:45:21] Battle #2218 is currently in progress. Status: running. Waiting...
[2026-06-08 00:45:26] Graceful shutdown requested. Waiting for active Battle #2218 to finish...
[2026-06-08 00:45:27] Battle #2218 is currently in progress. Status: running. Waiting...
[2026-06-08 00:45:32] Graceful shutdown requested. Waiting for active Battle #2218 to finish...
[2026-06-08 00:45:32] Battle #2218 is currently in progress. Status: running. Waiting...
[2026-06-08 00:45:37] Graceful shutdown requested. Waiting for active Battle #2218 to finish...
[2026-06-08 00:45:37] Battle #2218 is currently in progress. Status: running. Waiting...
[2026-06-08 00:45:42] Graceful shutdown requested. Waiting for active Battle #2218 to finish...
[2026-06-08 00:45:42] Battle #2218 is currently in progress. Status: running. Waiting...
[2026-06-08 00:45:47] Graceful shutdown requested. Waiting for active Battle #2218 to finish...
[2026-06-08 00:45:47] Battle #2218 is currently in progress. Status: running. Waiting...
[2026-06-08 00:45:52] Graceful shutdown requested. Waiting for active Battle #2218 to finish...
[2026-06-08 00:45:52] Battle #2218 is currently in progress. Status: running. Waiting...
[2026-06-08 00:45:57] Graceful shutdown requested. Waiting for active Battle #2218 to finish...
[2026-06-08 00:45:58] Battle #2218 is currently in progress. Status: running. Waiting...
[2026-06-08 00:46:03] Graceful shutdown requested. Waiting for active Battle #2218 to finish...
[2026-06-08 00:46:03] Battle #2218 is currently in progress. Status: running. Waiting...
[2026-06-08 00:46:08] Graceful shutdown requested. Waiting for active Battle #2218 to finish...
[2026-06-08 00:46:08] Battle #2218 is currently in progress. Status: running. Waiting...
[2026-06-08 00:46:13] Graceful shutdown requested. Waiting for active Battle #2218 to finish...
[2026-06-08 00:46:13] Battle #2218 is currently in progress. Status: running. Waiting...
[2026-06-08 00:46:18] Graceful shutdown requested. Waiting for active Battle #2218 to finish...
[2026-06-08 00:46:18] Battle #2218 is currently in progress. Status: running. Waiting...
[2026-06-08 00:46:23] Graceful shutdown requested. Waiting for active Battle #2218 to finish...
[2026-06-08 00:46:23] Battle #2218 is currently in progress. Status: running. Waiting...
[2026-06-08 00:46:29] Graceful shutdown requested. Waiting for active Battle #2218 to finish...
[2026-06-08 00:46:29] Battle #2218 is currently in progress. Status: running. Waiting...
[2026-06-08 00:46:34] Graceful shutdown requested. Waiting for active Battle #2218 to finish...
[2026-06-08 00:46:34] Battle #2218 is currently in progress. Status: running. Waiting...
[2026-06-08 00:46:39] Graceful shutdown requested. Waiting for active Battle #2218 to finish...
[2026-06-08 00:46:39] Battle #2218 is currently in progress. Status: running. Waiting...
[2026-06-08 00:46:44] Graceful shutdown requested. Waiting for active Battle #2218 to finish...
[2026-06-08 00:46:44] Battle #2218 is currently in progress. Status: running. Waiting...
[2026-06-08 00:46:49] Graceful shutdown requested. Waiting for active Battle #2218 to finish...
[2026-06-08 00:46:49] Battle #2218 is currently in progress. Status: running. Waiting...
[2026-06-08 00:46:54] Graceful shutdown requested. Waiting for active Battle #2218 to finish...
[2026-06-08 00:46:55] Battle #2218 is currently in progress. Status: running. Waiting...
[2026-06-08 00:47:00] Graceful shutdown requested. Waiting for active Battle #2218 to finish...
[2026-06-08 00:47:00] Battle #2218 is currently in progress. Status: running. Waiting...
[2026-06-08 00:47:05] Graceful shutdown requested. Waiting for active Battle #2218 to finish...
[2026-06-08 00:47:05] Battle #2218 is currently in progress. Status: running. Waiting...
[2026-06-08 00:47:11] Graceful shutdown requested. Waiting for active Battle #2218 to finish...
[2026-06-08 00:47:11] Battle #2218 is currently in progress. Status: running. Waiting...
[2026-06-08 00:47:16] Graceful shutdown requested. Waiting for active Battle #2218 to finish...
[2026-06-08 00:47:16] Battle #2218 is currently in progress. Status: running. Waiting...
[2026-06-08 00:47:21] Graceful shutdown requested. Waiting for active Battle #2218 to finish...
[2026-06-08 00:47:21] Battle #2218 is currently in progress. Status: running. Waiting...
[2026-06-08 00:47:26] Graceful shutdown requested. Waiting for active Battle #2218 to finish...
[2026-06-08 00:47:27] Battle #2218 is currently in progress. Status: running. Waiting...
[2026-06-08 00:47:32] Graceful shutdown requested. Waiting for active Battle #2218 to finish...
[2026-06-08 00:47:32] Battle #2218 is currently in progress. Status: running. Waiting...
[2026-06-08 00:47:37] Graceful shutdown requested. Waiting for active Battle #2218 to finish...
[2026-06-08 00:47:38] Battle #2218 is currently in progress. Status: running. Waiting...
[2026-06-08 00:47:43] Graceful shutdown requested. Waiting for active Battle #2218 to finish...
[2026-06-08 00:47:43] Battle #2218 is currently in progress. Status: running. Waiting...
[2026-06-08 00:47:48] Graceful shutdown requested. Waiting for active Battle #2218 to finish...
[2026-06-08 00:47:48] Battle #2218 is currently in progress. Status: running. Waiting...
[2026-06-08 00:47:53] Graceful shutdown requested. Waiting for active Battle #2218 to finish...
[2026-06-08 00:47:54] Battle #2218 is currently in progress. Status: running. Waiting...
[2026-06-08 00:47:59] Graceful shutdown requested. Waiting for active Battle #2218 to finish...
[2026-06-08 00:47:59] Battle #2218 is currently in progress. Status: running. Waiting...
[2026-06-08 00:48:04] Graceful shutdown requested. Waiting for active Battle #2218 to finish...
[2026-06-08 00:48:04] Battle #2218 is currently in progress. Status: running. Waiting...
[2026-06-08 00:48:09] Graceful shutdown requested. Waiting for active Battle #2218 to finish...
[2026-06-08 00:48:09] Battle #2218 is currently in progress. Status: running. Waiting...
[2026-06-08 00:48:14] Graceful shutdown requested. Waiting for active Battle #2218 to finish...
[2026-06-08 00:48:14] Battle #2218 is currently in progress. Status: running. Waiting...
[2026-06-08 00:48:19] Graceful shutdown requested. Waiting for active Battle #2218 to finish...
[2026-06-08 00:48:19] Battle #2218 is currently in progress. Status: running. Waiting...
[2026-06-08 00:48:24] Graceful shutdown requested. Waiting for active Battle #2218 to finish...
[2026-06-08 00:48:25] Battle #2218 is currently in progress. Status: running. Waiting...
[2026-06-08 00:48:30] Graceful shutdown requested. Waiting for active Battle #2218 to finish...
[2026-06-08 00:48:30] Battle #2218 is currently in progress. Status: running. Waiting...
[2026-06-08 00:48:35] Graceful shutdown requested. Waiting for active Battle #2218 to finish...
[2026-06-08 00:48:35] Battle #2218 is currently in progress. Status: running. Waiting...
[2026-06-08 00:48:40] Graceful shutdown requested. Waiting for active Battle #2218 to finish...
[2026-06-08 00:48:40] Battle #2218 is currently in progress. Status: running. Waiting...
[2026-06-08 00:48:45] Graceful shutdown requested. Waiting for active Battle #2218 to finish...
[2026-06-08 00:48:45] Battle #2218 is currently in progress. Status: running. Waiting...
[2026-06-08 00:48:50] Graceful shutdown requested. Waiting for active Battle #2218 to finish...
[2026-06-08 00:48:50] Battle #2218 is currently in progress. Status: running. Waiting...
[2026-06-08 00:48:55] Graceful shutdown requested. Waiting for active Battle #2218 to finish...
[2026-06-08 00:48:56] Battle #2218 is currently in progress. Status: running. Waiting...
[2026-06-08 00:49:01] Graceful shutdown requested. Waiting for active Battle #2218 to finish...
[2026-06-08 00:49:01] Battle #2218 is currently in progress. Status: running. Waiting...
[2026-06-08 00:49:06] Graceful shutdown requested. Waiting for active Battle #2218 to finish...
[2026-06-08 00:49:06] Battle #2218 is currently in progress. Status: running. Waiting...
[2026-06-08 00:49:11] Graceful shutdown requested. Waiting for active Battle #2218 to finish...
[2026-06-08 00:49:11] Battle #2218 is currently in progress. Status: running. Waiting...
[2026-06-08 00:49:16] Graceful shutdown requested. Waiting for active Battle #2218 to finish...
[2026-06-08 00:49:16] Battle #2218 is currently in progress. Status: running. Waiting...
[2026-06-08 00:49:21] Graceful shutdown requested. Waiting for active Battle #2218 to finish...
[2026-06-08 00:49:22] Battle #2218 is currently in progress. Status: running. Waiting...
[2026-06-08 00:49:27] Graceful shutdown requested. Waiting for active Battle #2218 to finish...
[2026-06-08 00:49:27] Battle #2218 is currently in progress. Status: running. Waiting...
[2026-06-08 00:49:32] Graceful shutdown requested. Waiting for active Battle #2218 to finish...
[2026-06-08 00:49:32] Battle #2218 is currently in progress. Status: running. Waiting...
[2026-06-08 00:49:37] Graceful shutdown requested. Waiting for active Battle #2218 to finish...
[2026-06-08 00:49:37] Battle #2218 is currently in progress. Status: running. Waiting...
[2026-06-08 00:49:42] Graceful shutdown requested. Waiting for active Battle #2218 to finish...
[2026-06-08 00:49:42] Battle #2218 is currently in progress. Status: running. Waiting...
[2026-06-08 00:49:47] Graceful shutdown requested. Waiting for active Battle #2218 to finish...
[2026-06-08 00:49:47] Battle #2218 is currently in progress. Status: running. Waiting...
[2026-06-08 00:49:52] Graceful shutdown requested. Waiting for active Battle #2218 to finish...
[2026-06-08 00:49:53] Battle #2218 is currently in progress. Status: running. Waiting...
[2026-06-08 00:49:58] Graceful shutdown requested. Waiting for active Battle #2218 to finish...
[2026-06-08 00:49:58] Battle #2218 is currently in progress. Status: running. Waiting...
[2026-06-08 00:50:03] Graceful shutdown requested. Waiting for active Battle #2218 to finish...
[2026-06-08 00:50:03] Battle #2218 is currently in progress. Status: running. Waiting...
[2026-06-08 00:50:08] Graceful shutdown requested. Waiting for active Battle #2218 to finish...
[2026-06-08 00:50:08] Battle #2218 is currently in progress. Status: running. Waiting...
[2026-06-08 00:50:13] Graceful shutdown requested. Waiting for active Battle #2218 to finish...
[2026-06-08 00:50:13] Battle #2218 is currently in progress. Status: running. Waiting...
[2026-06-08 00:50:18] Graceful shutdown requested. Waiting for active Battle #2218 to finish...
[2026-06-08 00:50:19] Battle #2218 is currently in progress. Status: running. Waiting...
[2026-06-08 00:50:24] Graceful shutdown requested. Waiting for active Battle #2218 to finish...
[2026-06-08 00:50:24] Battle #2218 is currently in progress. Status: running. Waiting...
[2026-06-08 00:50:29] Graceful shutdown requested. Waiting for active Battle #2218 to finish...
[2026-06-08 00:50:29] Battle #2218 is currently in progress. Status: running. Waiting...
[2026-06-08 00:50:34] Graceful shutdown requested. Waiting for active Battle #2218 to finish...
[2026-06-08 00:50:34] Battle #2218 is currently in progress. Status: running. Waiting...
[2026-06-08 00:50:39] No active battles. Leaving queue and exiting gracefully.
[2026-06-08 00:50:39] Leaving matchmaking queue...
[2026-06-08 00:50:39] HTTP Error 404 on DELETE /rl/competitions/11/queue: {"detail":"Not in queue"}
[2026-06-08 00:50:39] Failed to leave queue. Response: {'detail': 'Not in queue'}
[2026-06-08 00:56:23] Battle #2218 Completed! Result: WIN vs 41275055H (Elo: 1220.6)
[2026-06-08 00:56:23]   Elo Change: 1554.9 -> 1557.0 (+2.04)
